--boundary Content-Type: multipart/alternative; boundary="boundary2" --boundary Content-Type: text/plain; charset=utf-8 Content-Transfer-Encoding: 7bit \ntitle\n\ncontent\n --boundary Content-Type: text/html; charset=utf-8 Content-Transfer-Encoding: 7bit <h1>title</h1><p>content</p> --boundary-- --boundary Content-Type: application/octet-stream; name="attachment.txt" Content-Transfer-Encoding: base64 Content-Disposition: attachment; filename="attachment.txt" Zm9yIHRlc3RpbmcgcHVycG9zZQ== --boundary--